// Jest Snapshot v1, https://goo.gl/fbAQLP

exports[`TaskList should match the snapshot 1`] = `
<div>
  <ul
    class="list"
  >
    <li
      class="task "
    >
      <div
        class="taskContent"
      >
        <input
          aria-label="Leer un libro"
          class="checkbox"
          id="1"
          type="checkbox"
        />
        <span
          class="description"
        >
          Leer un libro
        </span>
      </div>
      <button
        aria-label="Delete task"
        class="deleteButton"
      >
        <svg
          fill="currentColor"
          height="20"
          stroke="currentColor"
          stroke-width="0"
          viewBox="0 0 512 512"
          width="20"
          xmlns="http://www.w3.org/2000/svg"
        >
          <path
            d="m112 112 20 320c.95 18.49 14.4 32 32 32h184c17.67 0 30.87-13.51 32-32l20-320"
            fill="none"
            stroke-linecap="round"
            stroke-linejoin="round"
            stroke-width="32"
          />
          <path
            d="M80 112h352"
            stroke-linecap="round"
            stroke-miterlimit="10"
            stroke-width="32"
          />
          <path
            d="M192 112V72h0a23.93 23.93 0 0 1 24-24h80a23.93 23.93 0 0 1 24 24h0v40m-64 64v224m-72-224 8 224m136-224-8 224"
            fill="none"
            stroke-linecap="round"
            stroke-linejoin="round"
            stroke-width="32"
          />
        </svg>
      </button>
    </li>
    <li
      class="task completed"
    >
      <div
        class="taskContent"
      >
        <input
          aria-label="Hacer ejercicio"
          checked=""
          class="checkbox"
          id="2"
          type="checkbox"
        />
        <span
          class="description"
        >
          Hacer ejercicio
        </span>
      </div>
      <button
        aria-label="Delete task"
        class="deleteButton"
      >
        <svg
          fill="currentColor"
          height="20"
          stroke="currentColor"
          stroke-width="0"
          viewBox="0 0 512 512"
          width="20"
          xmlns="http://www.w3.org/2000/svg"
        >
          <path
            d="m112 112 20 320c.95 18.49 14.4 32 32 32h184c17.67 0 30.87-13.51 32-32l20-320"
            fill="none"
            stroke-linecap="round"
            stroke-linejoin="round"
            stroke-width="32"
          />
          <path
            d="M80 112h352"
            stroke-linecap="round"
            stroke-miterlimit="10"
            stroke-width="32"
          />
          <path
            d="M192 112V72h0a23.93 23.93 0 0 1 24-24h80a23.93 23.93 0 0 1 24 24h0v40m-64 64v224m-72-224 8 224m136-224-8 224"
            fill="none"
            stroke-linecap="round"
            stroke-linejoin="round"
            stroke-width="32"
          />
        </svg>
      </button>
    </li>
  </ul>
  <button
    class="clearCompletedBtn"
  >
    Delete completed tasks
  </button>
</div>
`;
