// Jest Snapshot v1, https://goo.gl/fbAQLP

exports[`EmptyState should match the snapshot 1`] = `
<div>
  <div
    class="container"
  >
    <img
      alt="empty state"
      data-nimg="1"
      decoding="async"
      height="180"
      loading="lazy"
      src="/_next/image?url=%2Flazy.jpg&w=640&q=75"
      srcset="/_next/image?url=%2Flazy.jpg&w=384&q=75 1x, /_next/image?url=%2Flazy.jpg&w=640&q=75 2x"
      style="color: transparent;"
      width="300"
    />
    <span
      class="message"
    >
      You have no tasks yet
    </span>
  </div>
</div>
`;
